I'm sorry, but errors were detected in your script. Please correct the
errors listed below, and try again.


File "game/story.rpy", line 16: indentation mismatch.

Ren'Py Version: Ren'Py 6.99.12.4.2187
